logger tasked test message
logger tasked test message
logger tasked test message
logger tasked test message
logger tasked test message
logger tasked test message
logger tasked test message
logger tasked test message
logger tasked test message
logger tasked test message
logger tasked test message
logger tasked test message
logger tasked test message
logger tasked test message
logger tasked test message
logger tasked test message
logger tasked test message
logger tasked test message
logger tasked test message
logger tasked test message
